// Jest Snapshot v1, https://goo.gl/fbAQLP

exports[`Text matches the previous snapshot 1`] = `
<DocumentFragment>
  <p
    class="css-1623njk"
  />
</DocumentFragment>
`;
